[pakaijimat.xyz/index.html]
[backblue.gif]
[fade.gif]
[index.html]
[www.nationalelektronik.com/wp-content/plugins/captcha/css/front_end_style4235.css]
[www.nationalelektronik.com/wp-includes/css/dashicons.mindeec.css]
[www.nationalelektronik.com/wp-content/plugins/captcha/css/desktop_style4235.css]
[www.nationalelektronik.com/wp-content/plugins/contact-form-7/includes/css/styles6725.css]
[www.nationalelektronik.com/wp-content/plugins/revslider/rs-plugin/css/settings1dc6.css]
[www.nationalelektronik.com/wp-content/plugins/woocommerce/assets/css/woocommerce-layoutcd70.css]
[www.nationalelektronik.com/wp-content/plugins/woocommerce/assets/css/woocommerce-smallscreencd70.css]
[www.nationalelektronik.com/wp-content/plugins/woocommerce/assets/css/woocommercecd70.css]
[www.nationalelektronik.com/wp-content/themes/freshair/css/owl.carouseldeec.css]
[www.nationalelektronik.com/wp-content/themes/freshair/css/owl.themedeec.css]
[www.nationalelektronik.com/wp-content/themes/freshair/css/animatedeec.css]
[www.nationalelektronik.com/wp-content/themes/freshair/css/lightbox.mindeec.css]
[www.nationalelektronik.com/wp-content/plugins/js_composer/assets/lib/bower/font-awesome/css/font-awesome.min0147.css]
[www.nationalelektronik.com/wp-content/themes/freshair/css/ionicons.mindeec.css]
[www.nationalelektronik.com/wp-content/themes/freshair/css/mediaelementplayerdeec.css]
[www.nationalelektronik.com/wp-content/themes/freshair/css/appdeec.css]
[www.nationalelektronik.com/wp-content/themes/freshair/styledeec.css]
[www.nationalelektronik.com/wp-content/plugins/js_composer/assets/css/js_composer.min0147.css]
[www.nationalelektronik.com/wp-includes/js/jquery/jqueryb8ff.js]
[www.nationalelektronik.com/wp-includes/js/jquery/jquery-migrate.min330a.js]
[www.nationalelektronik.com/wp-content/plugins/revslider/rs-plugin/js/jquery.themepunch.tools.min1dc6.js]
[www.nationalelektronik.com/wp-content/plugins/revslider/rs-plugin/js/jquery.themepunch.revolution.min1dc6.js]
[www.nationalelektronik.com/wp-content/plugins/woocommerce/assets/js/jquery-blockui/jquery.blockUI.min44fd.js]
[www.nationalelektronik.com/wp-content/plugins/woocommerce/assets/js/frontend/add-to-cart.mincd70.js]
[www.nationalelektronik.com/wp-content/plugins/js_composer/assets/js/vendors/woocommerce-add-to-cart0147.js]
[www.nationalelektronik.com/wp-content/themes/freshair/js/foundation.mindeec.js]
[www.nationalelektronik.com/wp-content/themes/freshair/js/pluginsdeec.js]
[www.nationalelektronik.com/wp-content/themes/freshair/js/shortcode/script-shortcodesdeec.js]
[www.nationalelektronik.com/wp-content/themes/freshair/js/wd-mapsdeec.js]
[www.nationalelektronik.com/wp-content/themes/freshair/js/isMobile.mindeec.js]
[www.nationalelektronik.com/wp-content/themes/freshair/js/wd-carouseldeec.js]
[www.nationalelektronik.com/wp-includes/js/hoverIntent.minc245.js]
[www.nationalelektronik.com/wp-content/themes/freshair/js/scriptsdeec.js]
[www.nationalelektronik.com/wp-content/uploads/2014/08/nationalelektronik-favicon-32x32-px.png]
[pakaijimat.xyz/img/pakaijimat.jpg]
[www.nationalelektronik.com/wp-content/uploads/2014/08/nationalelektronik-logo-for-web-72px.png]
[www.nationalelektronik.com/wp-content/uploads/2018/01/Background-Blue-Waves-Vector-Pattern-Abstract-Curved-White-Wallpaper.jpg]
[www.nationalelektronik.com/wp-content/uploads/2018/01/banner-gree.jpg]
[www.nationalelektronik.com/wp-content/uploads/2013/03/Panasonic-AC-Factory-Visit-Kuala-Lumpur-150x150.jpg]
[www.nationalelektronik.com/wp-content/uploads/2013/03/Panasonic-AC-Factory-Visit-Kuala-Lumpur.jpg]
[www.nationalelektronik.com/wp-content/uploads/2013/03/Daikin-Factory-Visit-2016.jpg]
[www.nationalelektronik.com/wp-content/uploads/2013/03/Daikin-Factory-Visit-2016-300x168.jpg]
[www.nationalelektronik.com/wp-content/uploads/2013/03/Dealer-Certificate-Daikin-2015-300x206.jpg]
[www.nationalelektronik.com/wp-content/uploads/2013/03/Dealer-Certificate-Daikin-2015.jpg]
[www.nationalelektronik.com/wp-content/uploads/2014/08/fcf-indoor--300x300.jpg]
[www.nationalelektronik.com/wp-content/uploads/2014/08/FCQ140LUV.jpg]
[www.nationalelektronik.com/wp-content/uploads/2020/10/baner-fix-.jpg]
[www.nationalelektronik.com/wp-content/uploads/2013/01/contact_v11-1-1.png]
[www.nationalelektronik.com/wp-content/uploads/2013/01/contact_v12-1.png]
[www.nationalelektronik.com/wp-content/uploads/2013/01/contact_v13-1.png]
[www.google-analytics.com/analytics.js]
[www.nationalelektronik.com/wp-content/plugins/contact-form-7/includes/js/scripts6725.js]
[www.nationalelektronik.com/wp-content/plugins/woocommerce/assets/js/js-cookie/js.cookie.min6b25.js]
[www.nationalelektronik.com/wp-content/plugins/woocommerce/assets/js/frontend/woocommerce.mincd70.js]
[www.nationalelektronik.com/wp-content/plugins/woocommerce/assets/js/frontend/cart-fragments.mincd70.js]
[www.nationalelektronik.com/wp-includes/js/wp-embed.mindeec.js]
[pakaijimat.xyz/index.html]
[www.nationalelektronik.com/wp-content/plugins/captcha/css/front_end_style4235.css]
[www.nationalelektronik.com/wp-includes/css/dashicons.mindeec.css]
[www.nationalelektronik.com/wp-content/plugins/captcha/css/desktop_style4235.css]
[www.nationalelektronik.com/wp-content/plugins/js_composer/assets/js/dist/js_composer_front.min0147.js]
[www.nationalelektronik.com/wp-content/plugins/contact-form-7/includes/css/styles6725.css]
[www.nationalelektronik.com/wp-content/plugins/contact-form-7/images/ajax-loader.gif]
[www.nationalelektronik.com/wp-content/plugins/revslider/rs-plugin/assets/gridtile.png]
[www.nationalelektronik.com/wp-content/plugins/revslider/rs-plugin/assets/gridtile_white.png]
[www.nationalelektronik.com/wp-content/plugins/revslider/rs-plugin/assets/gridtile_3x3.png]
[www.nationalelektronik.com/wp-content/plugins/revslider/rs-plugin/assets/gridtile_3x3_white.png]
[www.nationalelektronik.com/wp-content/plugins/revslider/rs-plugin/assets/shadow1.png]
[www.nationalelektronik.com/wp-content/plugins/revslider/rs-plugin/assets/shadow2.png]
[www.nationalelektronik.com/wp-content/plugins/revslider/rs-plugin/assets/shadow3.png]
[www.nationalelektronik.com/wp-content/plugins/revslider/rs-plugin/images/gradient/g30.png]
[www.nationalelektronik.com/wp-content/plugins/revslider/rs-plugin/images/gradient/g40.png]
[www.nationalelektronik.com/wp-content/plugins/revslider/rs-plugin/assets/boxed_bgtile.png]
[www.nationalelektronik.com/wp-content/plugins/revslider/rs-plugin/assets/navigdots_bgtile.png]
[www.nationalelektronik.com/wp-content/plugins/revslider/rs-plugin/assets/bullet.png]
[www.nationalelektronik.com/wp-content/plugins/revslider/rs-plugin/assets/bullets.png]
[www.nationalelektronik.com/wp-content/plugins/revslider/rs-plugin/assets/bullets2.png]
[www.nationalelektronik.com/wp-content/plugins/revslider/rs-plugin/assets/bullet_boxed.png]
[www.nationalelektronik.com/wp-content/plugins/revslider/rs-plugin/assets/navigdots.png]
[www.nationalelektronik.com/wp-content/plugins/revslider/rs-plugin/assets/large_left.png]
[www.nationalelektronik.com/wp-content/plugins/revslider/rs-plugin/assets/large_right.png]
[www.nationalelektronik.com/wp-content/plugins/revslider/rs-plugin/assets/small_left.png]
[www.nationalelektronik.com/wp-content/plugins/revslider/rs-plugin/assets/small_right.png]
[www.nationalelektronik.com/wp-content/plugins/revslider/rs-plugin/assets/arrow_left.png]
[www.nationalelektronik.com/wp-content/plugins/revslider/rs-plugin/assets/arrow_right.png]
[www.nationalelektronik.com/wp-content/plugins/revslider/rs-plugin/assets/small_left_boxed.png]
[www.nationalelektronik.com/wp-content/plugins/revslider/rs-plugin/assets/small_right_boxed.png]
[www.nationalelektronik.com/wp-content/plugins/revslider/rs-plugin/assets/arrowleft.png]
[www.nationalelektronik.com/wp-content/plugins/revslider/rs-plugin/assets/arrowright.png]
[www.nationalelektronik.com/wp-content/plugins/revslider/rs-plugin/assets/arrow_left2.png]
[www.nationalelektronik.com/wp-content/plugins/revslider/rs-plugin/assets/arrow_right2.png]
[www.nationalelektronik.com/wp-content/plugins/revslider/rs-plugin/assets/coloredbg.png]
[www.nationalelektronik.com/wp-content/plugins/revslider/rs-plugin/css/settings1dc6.css]
[www.nationalelektronik.com/wp-content/plugins/woocommerce/assets/css/woocommerce-layoutcd70.css]
[www.nationalelektronik.com/wp-content/plugins/woocommerce/assets/css/woocommerce-smallscreencd70.css]
[www.nationalelektronik.com/wp-content/plugins/woocommerce/assets/css/woocommercecd70.css]
[www.nationalelektronik.com/wp-content/plugins/revslider/rs-plugin/assets/loader.gif]
[www.nationalelektronik.com/wp-content/themes/freshair/css/owl.video.play.png]
[www.nationalelektronik.com/wp-content/themes/freshair/css/owl.carouseldeec.css]
[www.nationalelektronik.com/wp-content/themes/freshair/css/AjaxLoader.gif]
[www.nationalelektronik.com/wp-content/themes/freshair/css/owl.themedeec.css]
[www.nationalelektronik.com/wp-content/themes/freshair/css/animatedeec.css]
[www.nationalelektronik.com/wp-content/themes/freshair/images/close.png]
[www.nationalelektronik.com/wp-content/themes/freshair/images/loading.gif]
[www.nationalelektronik.com/wp-content/themes/freshair/images/prev.png]
[www.nationalelektronik.com/wp-content/themes/freshair/css/lightbox.mindeec.css]
[www.nationalelektronik.com/wp-content/plugins/js_composer/assets/lib/bower/font-awesome/css/font-awesome.min0147.css]
[www.nationalelektronik.com/wp-content/themes/freshair/css/ionicons.mindeec.css]
[www.nationalelektronik.com/wp-content/themes/freshair/images/next.png]
[www.nationalelektronik.com/wp-content/themes/freshair/css/bigplay.svg]
[www.nationalelektronik.com/wp-content/themes/freshair/css/bigplay.png]
[www.nationalelektronik.com/wp-content/themes/freshair/css/background.png]
[www.nationalelektronik.com/wp-content/themes/freshair/css/loading.gif]
[www.nationalelektronik.com/wp-content/themes/freshair/css/controls.svg]
[www.nationalelektronik.com/wp-content/themes/freshair/css/controls.png]
[www.nationalelektronik.com/wp-content/themes/freshair/css/jumpforward.png]
[www.nationalelektronik.com/wp-content/themes/freshair/css/skipback.png]
[www.nationalelektronik.com/wp-content/themes/freshair/css/mediaelementplayerdeec.css]
[www.nationalelektronik.com/wp-content/themes/freshair/css/appdeec.css]
[www.nationalelektronik.com/wp-content/themes/freshair/styledeec.css]
[www.nationalelektronik.com/wp-content/themes/freshair/images/titlebar-bg.jpg]
[www.nationalelektronik.com/wp-content/plugins/js_composer/assets/vc/alert.png]
[www.nationalelektronik.com/wp-content/plugins/js_composer/assets/vc/info.png]
[www.nationalelektronik.com/wp-content/plugins/js_composer/assets/vc/tick.png]
[www.nationalelektronik.com/wp-content/plugins/js_composer/assets/vc/exclamation.png]
[www.nationalelektronik.com/wp-content/plugins/js_composer/assets/images/icons/address-book.png]
[www.nationalelektronik.com/wp-content/plugins/js_composer/assets/images/icons/alarm-clock.png]
[www.nationalelektronik.com/wp-content/plugins/js_composer/assets/images/icons/anchor.png]
[www.nationalelektronik.com/wp-content/plugins/js_composer/assets/images/icons/application-image.png]
[www.nationalelektronik.com/wp-content/plugins/js_composer/assets/images/icons/arrow.png]
[www.nationalelektronik.com/wp-content/plugins/js_composer/assets/images/icons/asterisk.png]
[www.nationalelektronik.com/wp-content/plugins/js_composer/assets/images/icons/auction-hammer.png]
[www.nationalelektronik.com/wp-content/plugins/js_composer/assets/images/icons/balloon.png]
[www.nationalelektronik.com/wp-content/plugins/js_composer/assets/images/icons/balloon-buzz.png]
[www.nationalelektronik.com/wp-content/plugins/js_composer/assets/images/icons/balloon-facebook.png]
[www.nationalelektronik.com/wp-content/plugins/js_composer/assets/images/icons/balloon-twitter.png]
[www.nationalelektronik.com/wp-content/plugins/js_composer/assets/images/icons/battery-full.png]
[www.nationalelektronik.com/wp-content/plugins/js_composer/assets/images/icons/binocular.png]
[www.nationalelektronik.com/wp-content/plugins/js_composer/assets/images/icons/blue-document-excel.png]
[www.nationalelektronik.com/wp-content/plugins/js_composer/assets/images/icons/blue-document-image.png]
[www.nationalelektronik.com/wp-content/plugins/js_composer/assets/images/icons/blue-document-music.png]
[www.nationalelektronik.com/wp-content/plugins/js_composer/assets/images/icons/blue-document-office.png]
[www.nationalelektronik.com/wp-content/plugins/js_composer/assets/images/icons/blue-document-pdf.png]
[www.nationalelektronik.com/wp-content/plugins/js_composer/assets/images/icons/blue-document-powerpoint.png]
[www.nationalelektronik.com/wp-content/plugins/js_composer/assets/images/icons/blue-document-word.png]
[www.nationalelektronik.com/wp-content/plugins/js_composer/assets/images/icons/bookmark.png]
[www.nationalelektronik.com/wp-content/plugins/js_composer/assets/images/icons/camcorder.png]
[www.nationalelektronik.com/wp-content/plugins/js_composer/assets/images/icons/camera.png]
[www.nationalelektronik.com/wp-content/plugins/js_composer/assets/images/icons/chart.png]
[www.nationalelektronik.com/wp-content/plugins/js_composer/assets/images/icons/chart-pie.png]
[www.nationalelektronik.com/wp-content/plugins/js_composer/assets/images/icons/clock.png]
[www.nationalelektronik.com/wp-content/plugins/js_composer/assets/images/icons/control.png]
[www.nationalelektronik.com/wp-content/plugins/js_composer/assets/images/icons/fire.png]
[www.nationalelektronik.com/wp-content/plugins/js_composer/assets/images/icons/heart.png]
[www.nationalelektronik.com/wp-content/plugins/js_composer/assets/images/icons/mail.png]
[www.nationalelektronik.com/wp-content/plugins/js_composer/assets/images/icons/plus-shield.png]
[www.nationalelektronik.com/wp-content/plugins/js_composer/assets/images/icons/video.png]
[www.nationalelektronik.com/wp-content/plugins/js_composer/assets/images/toggle_open.png]
[www.nationalelektronik.com/wp-content/plugins/js_composer/assets/images/toggle_close.png]
[www.nationalelektronik.com/wp-content/plugins/js_composer/assets/images/flickr.png]
[www.nationalelektronik.com/wp-content/plugins/js_composer/assets/css/js_composer.min0147.css]
[pakaijimat.xyz/cdn-cgi/l/email-protection.html]
[pakaijimat.xyz/cdn-cgi/scripts/5c5dd728/cloudflare-static/email-decode.min.html]
[www.nationalelektronik.com/wp-content/themes/freshair/js/load-more5152.js]
[www.nationalelektronik.com/wp-content/themes/freshair/css/owl.video.play.html]
[www.nationalelektronik.com/wp-content/themes/freshair/css/AjaxLoader.html]
[www.nationalelektronik.com/wp-content/themes/freshair/css/bigplay.html]
[www.nationalelektronik.com/wp-content/themes/freshair/css/bigplay-2.html]
[www.nationalelektronik.com/wp-content/themes/freshair/css/background.html]
[www.nationalelektronik.com/wp-content/themes/freshair/css/loading.html]
[www.nationalelektronik.com/wp-content/themes/freshair/css/controls.html]
[www.nationalelektronik.com/wp-content/themes/freshair/css/controls-2.html]
[www.nationalelektronik.com/wp-content/themes/freshair/css/jumpforward.html]
[www.nationalelektronik.com/wp-content/themes/freshair/css/skipback.html]
